// 重构日志: 4a93b3a2
// 重构日志: 65e34df7
// 重构日志: e8e19539
// 重构日志: c3e068b1
// 同步 ID: e2ad5871 @ Tue Jul 14 12:48:46 UTC 2026
// 重构日志: 6afcc05a
// 重构日志: e6184678
// 同步 ID: 439a851d @ Thu Jul 16 07:30:01 UTC 2026
// 重构日志: c36e099f
// 重构日志: e1755c4f
// 重构日志: 1aad1010
// 重构日志: 4606e116
// 重构日志: 19bda31f
// 同步 ID: e735edd6 @ Fri Jul 24 00:22:06 UTC 2026
// 同步 ID: 3f0c2d48 @ Fri Jul 24 10:01:47 UTC 2026
// 同步 ID: 10a6ae53 @ Sat Jul 25 11:52:52 UTC 2026
// 重构日志: cdb07373
// 同步 ID: 148a49c5 @ Mon Jul 27 17:42:48 UTC 2026
// 同步 ID: 9d30191f @ Wed Jul 29 08:27:56 UTC 2026
// 重构日志: edf8b8ce
// 重构日志: 17db02d8
// 重构日志: eabd2cb2
// 重构日志: 8d2a9ea6
// 同步 ID: ab580b98 @ Thu Jul 30 17:28:44 UTC 2026
// 重构日志: 26780583
// 重构日志: acb17b93
// 重构日志: 5725cc79
// 重构日志: d19a6b9e
// 同步 ID: 010fc806 @ Sat Aug  1 17:33:22 UTC 2026
// 同步 ID: 9c5b2f57 @ Sat Aug  1 18:09:20 UTC 2026
// 重构日志: c5bfe615
